[www.jetbrains.com/fleet/index.html]
[backblue.gif]
[fade.gif]
[index.html]
[www.jetbrains.com/favicon.ico]
[browser.sentry-cdn.com/6.10.0/bundle.min.js]
[www.jetbrains.com/apple-touch-icon.png]
[www.jetbrains.com/site.webmanifest]
[www.jetbrains.com/_assets/common.f0058f9c910aa5c639bc.css]
[www.jetbrains.com/_assets/default-page.72d7efd85e3dd0d22a1a.css]
[www.jetbrains.com.cn/en-us/fleet/index.html]
[www.jetbrains.com/_assets/fleet/inc/overview-content/index.entry.ef0861de760821853d8a.css]
[www.jetbrains.com/de-de/fleet/index.html]
[www.jetbrains.com/es-es/fleet/index.html]
[www.jetbrains.com/fr-fr/fleet/index.html]
[www.jetbrains.com/ko-kr/fleet/index.html]
[www.jetbrains.com/_assets/common.be5fa9096bef87e5d851.js]
[www.jetbrains.com/ja-jp/fleet/index.html]
[www.jetbrains.com/_assets/default-page.bda5f4bd5b7b9de16543.js]
[www.jetbrains.com/zh-cn/fleet/index.html]
[www.jetbrains.com/ru-ru/fleet/index.html]
[www.jetbrains.com/_assets/banner-rotator.entry.869c5f1a8b1d0fe5778c.css]
[www.jetbrains.com/_assets/banner-rotator.entry.2b08d250a2c69c40c75c.js]
[www.jetbrains.com/fleet/index.html]
[www.jetbrains.com/_assets/fleet/inc/overview-content/index.entry.fd91546f421b09ab7471.js]
[www.jetbrains.com/pt-br/fleet/index.html]
[www.jetbrains.com.cn/fleet/index.html]
[www.jetbrains.com.cn/favicon.ico]
[www.jetbrains.com.cn/apple-touch-icon.png]
[www.jetbrains.com.cn/site.webmanifest]
[www.jetbrains.com.cn/_assets/common.f0058f9c910aa5c639bc.css]
[www.jetbrains.com.cn/_assets/fleet/inc/overview-content/index.entry.ef0861de760821853d8a.css]
[www.jetbrains.com.cn/_assets/default-page.72d7efd85e3dd0d22a1a.css]
[www.jetbrains.com.cn/en-us/fleet/index.html]
[www.jetbrains.com/de-de/fleet/index.html]
[www.jetbrains.com/es-es/fleet/index.html]
[www.jetbrains.com/fr-fr/fleet/index.html]
[www.jetbrains.com/ja-jp/fleet/index.html]
[www.jetbrains.com/ko-kr/fleet/index.html]
[www.jetbrains.com/ru-ru/fleet/index.html]
[www.jetbrains.com/zh-cn/fleet/index.html]
[www.jetbrains.com.cn/fleet/index.html]
[www.jetbrains.com/pt-br/fleet/index.html]
[www.jetbrains.com.cn/_assets/banner-rotator.entry.869c5f1a8b1d0fe5778c.css]
[www.googletagmanager.com/gtm5445.html]
[www.jetbrains.com/_assets/default-page.bda5f4bd5b7b9de16543.js]
[www.jetbrains.com/_assets/banner-rotator.entry.2b08d250a2c69c40c75c.js]
[www.jetbrains.com/icon.svg]
[www.jetbrains.com/research/devecosystem-2017/img/inner_pages_bgr.png]
[www.jetbrains.com/_assets/fleet/inc/overview-content/index.entry.fd91546f421b09ab7471.js]
[www.jetbrains.com/_assets/ui/blocks/buy/img/icon-faq.26eece39d6166ca61fc2c674c9676b5b.svg]
[www.jetbrains.com/_assets/ui/blocks/buy/img/icon-faq__youtrack.5d749a3e520a78e6f957c8cc9fb7bfa5.svg]
[www.jetbrains.com/_assets/common.f0058f9c910aa5c639bc.css]
[www.jetbrains.com/_assets/ui/blocks/buy/img/img-faq__teamtools.26eece39d6166ca61fc2c674c9676b5b.svg]
[www.jetbrains.com/_assets/default-page.72d7efd85e3dd0d22a1a.css]
[www.jetbrains.com/fleet/inc/overview-content/img/heading-background.png]
[www.jetbrains.com/_assets/common.be5fa9096bef87e5d851.js]
[www.jetbrains.com/_assets/fleet/inc/overview-content/index.entry.ef0861de760821853d8a.css]
[www.jetbrains.com/_assets/banner-rotator.entry.869c5f1a8b1d0fe5778c.css]
[www.jetbrains.com.cn/icon.svg]
[www.jetbrains.com.cn/_assets/common.f0058f9c910aa5c639bc.css]
[www.jetbrains.com.cn/_assets/default-page.72d7efd85e3dd0d22a1a.css]
[www.jetbrains.com.cn/_assets/fleet/inc/overview-content/index.entry.ef0861de760821853d8a.css]
[www.jetbrains.com.cn/_assets/banner-rotator.entry.869c5f1a8b1d0fe5778c.css]
[www.jetbrains.com/_assets/ui/blocks/buy/img/icon-faq.26eece39d6166ca61fc2c674c9676b5b.svg]
[www.jetbrains.com/_assets/ui/blocks/buy/img/icon-faq__youtrack.5d749a3e520a78e6f957c8cc9fb7bfa5.svg]
[www.jetbrains.com/_assets/ui/blocks/buy/img/img-faq__teamtools.26eece39d6166ca61fc2c674c9676b5b.svg]
[www.jetbrains.com/research/devecosystem-2017/img/inner_pages_bgr.png]
